Flow report for try_ddr
Wed Apr 14 10:24:13 2021
Quartus II 64-Bit Version 13.1.0 Build 162 10/23/2013 SJ Web Edition


---------------------
; Table of Contents ;
---------------------
  1. Legal Notice
  2. Flow Summary
  3. Flow Settings
  4. Flow Non-Default Global Settings
  5. Flow Elapsed Time
  6. Flow OS Summary
  7. Flow Log
  8. Flow Messages
  9. Flow Suppressed Messages



----------------
; Legal Notice ;
----------------
Copyright (C) 1991-2013 Altera Corporation
Your use of Altera Corporation's design tools, logic functions 
and other software and tools, and its AMPP partner logic 
functions, and any output files from any of the foregoing 
(including device programming or simulation files), and any 
associated documentation or information are expressly subject 
to the terms and conditions of the Altera Program License 
Subscription Agreement, Altera MegaCore Function License 
Agreement, or other applicable license agreement, including, 
without limitation, that your use is for the sole purpose of 
programming logic devices manufactured by Altera and sold by 
Altera or its authorized distributors.  Please refer to the 
applicable agreement for further details.



+---------------------------------------------------------------------------------+
; Flow Summary                                                                    ;
+------------------------------------+--------------------------------------------+
; Flow Status                        ; Successful - Wed Apr 14 10:24:12 2021      ;
; Quartus II 64-Bit Version          ; 13.1.0 Build 162 10/23/2013 SJ Web Edition ;
; Revision Name                      ; try_ddr                                    ;
; Top-level Entity Name              ; top                                        ;
; Family                             ; Cyclone IV E                               ;
; Device                             ; EP4CE15F23C8                               ;
; Timing Models                      ; Final                                      ;
; Total logic elements               ; 8,595 / 15,408 ( 56 % )                    ;
;     Total combinational functions  ; 6,050 / 15,408 ( 39 % )                    ;
;     Dedicated logic registers      ; 5,691 / 15,408 ( 37 % )                    ;
; Total registers                    ; 5799                                       ;
; Total pins                         ; 267 / 344 ( 78 % )                         ;
; Total virtual pins                 ; 0                                          ;
; Total memory bits                  ; 110,624 / 516,096 ( 21 % )                 ;
; Embedded Multiplier 9-bit elements ; 0 / 112 ( 0 % )                            ;
; Total PLLs                         ; 3 / 4 ( 75 % )                             ;
+------------------------------------+--------------------------------------------+


+-----------------------------------------+
; Flow Settings                           ;
+-------------------+---------------------+
; Option            ; Setting             ;
+-------------------+---------------------+
; Start date & time ; 04/14/2021 10:18:54 ;
; Main task         ; Compilation         ;
; Revision Name     ; try_ddr             ;
+-------------------+---------------------+


+----------------------------------------------------------------------------------------------------------------------------------------------------------------------------------------------------------------------------------------------------------------------------------------------------------------------------------------------------------------------------------------------------------------------------------------------------------------------------------------------------------------------------------------------------------------------------------------------------------------------------------------------------------------------------------------------------------------------------------------------+
; Flow Non-Default Global Settings                                                                                                                                                                                                                                                                                                                                                                                                                                                                                                                                                                                                                                                                                                             ;
+--------------------------------------+--------------------------------------------------------------------------------------------------------------------------------------------------------------------------------------------------------------------------------------------------------------------------------------------------------------------------------------------------------------------------------------------------------------------------------------------------------------------------------------------------------------------------------------------------------------------------------------------------------------------------------------------------+---------------+-------------+----------------------+
; Assignment Name                      ; Value                                                                                                                                                                                                                                                                                                                                                                                                                                                                                                                                                                                                                                            ; Default Value ; Entity Name ; Section Id           ;
+--------------------------------------+--------------------------------------------------------------------------------------------------------------------------------------------------------------------------------------------------------------------------------------------------------------------------------------------------------------------------------------------------------------------------------------------------------------------------------------------------------------------------------------------------------------------------------------------------------------------------------------------------------------------------------------------------+---------------+-------------+----------------------+
; COMPILER_SIGNATURE_ID                ; 53753574202436.161836673301384                                                                                                                                                                                                                                                                                                                                                                                                                                                                                                                                                                                                                   ; --            ; --          ; --                   ;
; EDA_DESIGN_EXTRA_ALTERA_SIM_LIB      ; cycloneiii_ver                                                                                                                                                                                                                                                                                                                                                                                                                                                                                                                                                                                                                                   ; --            ; --          ; eda_simulation       ;
; EDA_DESIGN_EXTRA_ALTERA_SIM_LIB      ; cycloneiii_ver                                                                                                                                                                                                                                                                                                                                                                                                                                                                                                                                                                                                                                   ; --            ; --          ; eda_simulation       ;
; EDA_DESIGN_INSTANCE_NAME             ; NA                                                                                                                                                                                                                                                                                                                                                                                                                                                                                                                                                                                                                                               ; --            ; --          ; addr_fetch_testbench ;
; EDA_NATIVELINK_SIMULATION_TEST_BENCH ; addr_fetch_testbench                                                                                                                                                                                                                                                                                                                                                                                                                                                                                                                                                                                                                             ; --            ; --          ; eda_simulation       ;
; EDA_OUTPUT_DATA_FORMAT               ; Verilog Hdl                                                                                                                                                                                                                                                                                                                                                                                                                                                                                                                                                                                                                                      ; --            ; --          ; eda_simulation       ;
; EDA_SIMULATION_TOOL                  ; ModelSim-Altera (Verilog)                                                                                                                                                                                                                                                                                                                                                                                                                                                                                                                                                                                                                        ; <None>        ; --          ; --                   ;
; EDA_TEST_BENCH_ENABLE_STATUS         ; TEST_BENCH_MODE                                                                                                                                                                                                                                                                                                                                                                                                                                                                                                                                                                                                                                  ; --            ; --          ; eda_simulation       ;
; EDA_TEST_BENCH_FILE                  ; ../rtl/testbench/addr_fetch_testbench.v                                                                                                                                                                                                                                                                                                                                                                                                                                                                                                                                                                                                          ; --            ; --          ; addr_fetch_testbench ;
; EDA_TEST_BENCH_MODULE_NAME           ; addr_fetch_testbench                                                                                                                                                                                                                                                                                                                                                                                                                                                                                                                                                                                                                             ; --            ; --          ; addr_fetch_testbench ;
; EDA_TEST_BENCH_NAME                  ; addr_fetch_testbench                                                                                                                                                                                                                                                                                                                                                                                                                                                                                                                                                                                                                             ; --            ; --          ; eda_simulation       ;
; EDA_TIME_SCALE                       ; 1 ps                                                                                                                                                                                                                                                                                                                                                                                                                                                                                                                                                                                                                                             ; --            ; --          ; eda_simulation       ;
; ENABLE_SIGNALTAP                     ; On                                                                                                                                                                                                                                                                                                                                                                                                                                                                                                                                                                                                                                               ; --            ; --          ; --                   ;
; IP_TOOL_NAME                         ; DDR2 High Performance Controller                                                                                                                                                                                                                                                                                                                                                                                                                                                                                                                                                                                                                 ; --            ; --          ; --                   ;
; IP_TOOL_NAME                         ; altmemphy                                                                                                                                                                                                                                                                                                                                                                                                                                                                                                                                                                                                                                        ; --            ; --          ; --                   ;
; IP_TOOL_NAME                         ; ALTPLL                                                                                                                                                                                                                                                                                                                                                                                                                                                                                                                                                                                                                                           ; --            ; --          ; --                   ;
; IP_TOOL_NAME                         ; ALTPLL                                                                                                                                                                                                                                                                                                                                                                                                                                                                                                                                                                                                                                           ; --            ; --          ; --                   ;
; IP_TOOL_NAME                         ; ALTPLL                                                                                                                                                                                                                                                                                                                                                                                                                                                                                                                                                                                                                                           ; --            ; --          ; --                   ;
; IP_TOOL_NAME                         ; FIFO                                                                                                                                                                                                                                                                                                                                                                                                                                                                                                                                                                                                                                             ; --            ; --          ; --                   ;
; IP_TOOL_VERSION                      ; 13.1                                                                                                                                                                                                                                                                                                                                                                                                                                                                                                                                                                                                                                             ; --            ; --          ; --                   ;
; IP_TOOL_VERSION                      ; 13.1                                                                                                                                                                                                                                                                                                                                                                                                                                                                                                                                                                                                                                             ; --            ; --          ; --                   ;
; IP_TOOL_VERSION                      ; 13.1                                                                                                                                                                                                                                                                                                                                                                                                                                                                                                                                                                                                                                             ; --            ; --          ; --                   ;
; IP_TOOL_VERSION                      ; 13.1                                                                                                                                                                                                                                                                                                                                                                                                                                                                                                                                                                                                                                             ; --            ; --          ; --                   ;
; IP_TOOL_VERSION                      ; 13.1                                                                                                                                                                                                                                                                                                                                                                                                                                                                                                                                                                                                                                             ; --            ; --          ; --                   ;
; IP_TOOL_VERSION                      ; 13.1                                                                                                                                                                                                                                                                                                                                                                                                                                                                                                                                                                                                                                             ; --            ; --          ; --                   ;
; MAX_CORE_JUNCTION_TEMP               ; 85                                                                                                                                                                                                                                                                                                                                                                                                                                                                                                                                                                                                                                               ; --            ; --          ; --                   ;
; MIN_CORE_JUNCTION_TEMP               ; 0                                                                                                                                                                                                                                                                                                                                                                                                                                                                                                                                                                                                                                                ; --            ; --          ; --                   ;
; MISC_FILE                            ; ../rtl/ddr2.v                                                                                                                                                                                                                                                                                                                                                                                                                                                                                                                                                                                                                                    ; --            ; --          ; --                   ;
; MISC_FILE                            ; ../rtl/ddr2.qip                                                                                                                                                                                                                                                                                                                                                                                                                                                                                                                                                                                                                                  ; --            ; --          ; --                   ;
; MISC_FILE                            ; ../rtl/ddr2_example_driver.v                                                                                                                                                                                                                                                                                                                                                                                                                                                                                                                                                                                                                     ; --            ; --          ; --                   ;
; MISC_FILE                            ; ../rtl/ddr2_example_top.v                                                                                                                                                                                                                                                                                                                                                                                                                                                                                                                                                                                                                        ; --            ; --          ; --                   ;
; MISC_FILE                            ; ../rtl/ddr2_ex_lfsr8.v                                                                                                                                                                                                                                                                                                                                                                                                                                                                                                                                                                                                                           ; --            ; --          ; --                   ;
; MISC_FILE                            ; ../rtl/testbench/ddr2_example_top_tb.v                                                                                                                                                                                                                                                                                                                                                                                                                                                                                                                                                                                                           ; --            ; --          ; --                   ;
; MISC_FILE                            ; ../rtl/testbench/ddr2_mem_model.v                                                                                                                                                                                                                                                                                                                                                                                                                                                                                                                                                                                                                ; --            ; --          ; --                   ;
; MISC_FILE                            ; ../rtl/testbench/ddr2_full_mem_model.v                                                                                                                                                                                                                                                                                                                                                                                                                                                                                                                                                                                                           ; --            ; --          ; --                   ;
; MISC_FILE                            ; ../rtl/ddr2_pin_assignments.tcl                                                                                                                                                                                                                                                                                                                                                                                                                                                                                                                                                                                                                  ; --            ; --          ; --                   ;
; MISC_FILE                            ; ../rtl/ddr2_phy.v                                                                                                                                                                                                                                                                                                                                                                                                                                                                                                                                                                                                                                ; --            ; --          ; --                   ;
; MISC_FILE                            ; ../rtl/ddr2_phy.qip                                                                                                                                                                                                                                                                                                                                                                                                                                                                                                                                                                                                                              ; --            ; --          ; --                   ;
; MISC_FILE                            ; ../rtl/ddr2_phy_alt_mem_phy_seq_wrapper.v                                                                                                                                                                                                                                                                                                                                                                                                                                                                                                                                                                                                        ; --            ; --          ; --                   ;
; MISC_FILE                            ; ../rtl/ddr2_phy_alt_mem_phy_seq.vhd                                                                                                                                                                                                                                                                                                                                                                                                                                                                                                                                                                                                              ; --            ; --          ; --                   ;
; MISC_FILE                            ; ../rtl/ddr2_phy_alt_mem_phy.v                                                                                                                                                                                                                                                                                                                                                                                                                                                                                                                                                                                                                    ; --            ; --          ; --                   ;
; MISC_FILE                            ; ../rtl/ddr2_phy_alt_mem_phy_pll.v                                                                                                                                                                                                                                                                                                                                                                                                                                                                                                                                                                                                                ; --            ; --          ; --                   ;
; MISC_FILE                            ; ../rtl/ddr2_phy_pin_assignments.tcl                                                                                                                                                                                                                                                                                                                                                                                                                                                                                                                                                                                                              ; --            ; --          ; --                   ;
; MISC_FILE                            ; ../rtl/ddr2_phy_ddr_pins.tcl                                                                                                                                                                                                                                                                                                                                                                                                                                                                                                                                                                                                                     ; --            ; --          ; --                   ;
; MISC_FILE                            ; ../rtl/ddr2_phy_report_timing.tcl                                                                                                                                                                                                                                                                                                                                                                                                                                                                                                                                                                                                                ; --            ; --          ; --                   ;
; MISC_FILE                            ; ../rtl/ddr2_phy_report_timing_core.tcl                                                                                                                                                                                                                                                                                                                                                                                                                                                                                                                                                                                                           ; --            ; --          ; --                   ;
; MISC_FILE                            ; ../rtl/ddr2_phy_ddr_timing.tcl                                                                                                                                                                                                                                                                                                                                                                                                                                                                                                                                                                                                                   ; --            ; --          ; --                   ;
; MISC_FILE                            ; ../rtl/ddr2_phy_alt_mem_phy_pll_bb.v                                                                                                                                                                                                                                                                                                                                                                                                                                                                                                                                                                                                             ; --            ; --          ; --                   ;
; MISC_FILE                            ; ../rtl/alt_mem_phy_defines.v                                                                                                                                                                                                                                                                                                                                                                                                                                                                                                                                                                                                                     ; --            ; --          ; --                   ;
; MISC_FILE                            ; ../rtl/ddr2_phy.ppf                                                                                                                                                                                                                                                                                                                                                                                                                                                                                                                                                                                                                              ; --            ; --          ; --                   ;
; MISC_FILE                            ; ../rtl/pll166_7.ppf                                                                                                                                                                                                                                                                                                                                                                                                                                                                                                                                                                                                                              ; --            ; --          ; --                   ;
; MISC_FILE                            ; ../rtl/pll50.ppf                                                                                                                                                                                                                                                                                                                                                                                                                                                                                                                                                                                                                                 ; --            ; --          ; --                   ;
; NOMINAL_CORE_SUPPLY_VOLTAGE          ; 1.2V                                                                                                                                                                                                                                                                                                                                                                                                                                                                                                                                                                                                                                             ; --            ; --          ; --                   ;
; PARTITION_COLOR                      ; 16764057                                                                                                                                                                                                                                                                                                                                                                                                                                                                                                                                                                                                                                         ; --            ; top         ; Top                  ;
; PARTITION_FITTER_PRESERVATION_LEVEL  ; PLACEMENT_AND_ROUTING                                                                                                                                                                                                                                                                                                                                                                                                                                                                                                                                                                                                                            ; --            ; top         ; Top                  ;
; PARTITION_NETLIST_TYPE               ; POST_FIT                                                                                                                                                                                                                                                                                                                                                                                                                                                                                                                                                                                                                                         ; --            ; top         ; Top                  ;
; POWER_BOARD_THERMAL_MODEL            ; None (CONSERVATIVE)                                                                                                                                                                                                                                                                                                                                                                                                                                                                                                                                                                                                                              ; --            ; --          ; --                   ;
; POWER_PRESET_COOLING_SOLUTION        ; 23 MM HEAT SINK WITH 200 LFPM AIRFLOW                                                                                                                                                                                                                                                                                                                                                                                                                                                                                                                                                                                                            ; --            ; --          ; --                   ;
; PROJECT_OUTPUT_DIRECTORY             ; output_files                                                                                                                                                                                                                                                                                                                                                                                                                                                                                                                                                                                                                                     ; --            ; --          ; --                   ;
; SEARCH_PATH                          ; ../rtl/.                                                                                                                                                                                                                                                                                                                                                                                                                                                                                                                                                                                                                                         ; --            ; --          ; --                   ;
; SEARCH_PATH                          ; ../rtl/ddr2_high_performance_controller-library                                                                                                                                                                                                                                                                                                                                                                                                                                                                                                                                                                                                  ; --            ; --          ; --                   ;
; SEARCH_PATH                          ; ../rtl/.                                                                                                                                                                                                                                                                                                                                                                                                                                                                                                                                                                                                                                         ; --            ; --          ; --                   ;
; SEARCH_PATH                          ; ../rtl/altmemphy-library                                                                                                                                                                                                                                                                                                                                                                                                                                                                                                                                                                                                                         ; --            ; --          ; --                   ;
; SLD_FILE                             ; db/stp5_auto_stripped.stp                                                                                                                                                                                                                                                                                                                                                                                                                                                                                                                                                                                                                        ; --            ; --          ; --                   ;
; SLD_NODE_CREATOR_ID                  ; 110                                                                                                                                                                                                                                                                                                                                                                                                                                                                                                                                                                                                                                              ; --            ; --          ; auto_signaltap_0     ;
; SLD_NODE_ENTITY_NAME                 ; sld_signaltap                                                                                                                                                                                                                                                                                                                                                                                                                                                                                                                                                                                                                                    ; --            ; --          ; auto_signaltap_0     ;
; SLD_NODE_PARAMETER_ASSIGNMENT        ; SLD_RAM_BLOCK_TYPE=AUTO                                                                                                                                                                                                                                                                                                                                                                                                                                                                                                                                                                                                                          ; --            ; --          ; auto_signaltap_0     ;
; SLD_NODE_PARAMETER_ASSIGNMENT        ; SLD_NODE_INFO=805334528                                                                                                                                                                                                                                                                                                                                                                                                                                                                                                                                                                                                                          ; --            ; --          ; auto_signaltap_0     ;
; SLD_NODE_PARAMETER_ASSIGNMENT        ; SLD_POWER_UP_TRIGGER=0                                                                                                                                                                                                                                                                                                                                                                                                                                                                                                                                                                                                                           ; --            ; --          ; auto_signaltap_0     ;
; SLD_NODE_PARAMETER_ASSIGNMENT        ; SLD_STORAGE_QUALIFIER_INVERSION_MASK_LENGTH=0                                                                                                                                                                                                                                                                                                                                                                                                                                                                                                                                                                                                    ; --            ; --          ; auto_signaltap_0     ;
; SLD_NODE_PARAMETER_ASSIGNMENT        ; SLD_ATTRIBUTE_MEM_MODE=OFF                                                                                                                                                                                                                                                                                                                                                                                                                                                                                                                                                                                                                       ; --            ; --          ; auto_signaltap_0     ;
; SLD_NODE_PARAMETER_ASSIGNMENT        ; SLD_STATE_FLOW_USE_GENERATED=0                                                                                                                                                                                                                                                                                                                                                                                                                                                                                                                                                                                                                   ; --            ; --          ; auto_signaltap_0     ;
; SLD_NODE_PARAMETER_ASSIGNMENT        ; SLD_STATE_BITS=11                                                                                                                                                                                                                                                                                                                                                                                                                                                                                                                                                                                                                                ; --            ; --          ; auto_signaltap_0     ;
; SLD_NODE_PARAMETER_ASSIGNMENT        ; SLD_BUFFER_FULL_STOP=1                                                                                                                                                                                                                                                                                                                                                                                                                                                                                                                                                                                                                           ; --            ; --          ; auto_signaltap_0     ;
; SLD_NODE_PARAMETER_ASSIGNMENT        ; SLD_CURRENT_RESOURCE_WIDTH=1                                                                                                                                                                                                                                                                                                                                                                                                                                                                                                                                                                                                                     ; --            ; --          ; auto_signaltap_0     ;
; SLD_NODE_PARAMETER_ASSIGNMENT        ; SLD_TRIGGER_LEVEL=1                                                                                                                                                                                                                                                                                                                                                                                                                                                                                                                                                                                                                              ; --            ; --          ; auto_signaltap_0     ;
; SLD_NODE_PARAMETER_ASSIGNMENT        ; SLD_TRIGGER_IN_ENABLED=0                                                                                                                                                                                                                                                                                                                                                                                                                                                                                                                                                                                                                         ; --            ; --          ; auto_signaltap_0     ;
; SLD_NODE_PARAMETER_ASSIGNMENT        ; SLD_ADVANCED_TRIGGER_ENTITY=basic,1,                                                                                                                                                                                                                                                                                                                                                                                                                                                                                                                                                                                                             ; --            ; --          ; auto_signaltap_0     ;
; SLD_NODE_PARAMETER_ASSIGNMENT        ; SLD_TRIGGER_LEVEL_PIPELINE=1                                                                                                                                                                                                                                                                                                                                                                                                                                                                                                                                                                                                                     ; --            ; --          ; auto_signaltap_0     ;
; SLD_NODE_PARAMETER_ASSIGNMENT        ; SLD_ENABLE_ADVANCED_TRIGGER=0                                                                                                                                                                                                                                                                                                                                                                                                                                                                                                                                                                                                                    ; --            ; --          ; auto_signaltap_0     ;
; SLD_NODE_PARAMETER_ASSIGNMENT        ; SLD_SEGMENT_SIZE=512                                                                                                                                                                                                                                                                                                                                                                                                                                                                                                                                                                                                                             ; --            ; --          ; auto_signaltap_0     ;
; SLD_NODE_PARAMETER_ASSIGNMENT        ; SLD_SAMPLE_DEPTH=512                                                                                                                                                                                                                                                                                                                                                                                                                                                                                                                                                                                                                             ; --            ; --          ; auto_signaltap_0     ;
; SLD_NODE_PARAMETER_ASSIGNMENT        ; SLD_DATA_BITS=194                                                                                                                                                                                                                                                                                                                                                                                                                                                                                                                                                                                                                                ; --            ; --          ; auto_signaltap_0     ;
; SLD_NODE_PARAMETER_ASSIGNMENT        ; SLD_TRIGGER_BITS=194                                                                                                                                                                                                                                                                                                                                                                                                                                                                                                                                                                                                                             ; --            ; --          ; auto_signaltap_0     ;
; SLD_NODE_PARAMETER_ASSIGNMENT        ; SLD_INVERSION_MASK=00000000000000000000000000000000000000000000000000000000000000000000000000000000000000000000000000000000000000000000000000000000000000000000000000000000000000000000000000000000000000000000000000000000000000000000000000000000000000000000000000000000000000000000000000000000000000000000000000000000000000000000000000000000000000000000000000000000000000000000000000000000000000000000000000000000000000000000000000000000000000000000000000000000000000000000000000000000000000000000000000000000000000000000000000000000000000000000000000000000000000000000000000000000000000000000000000000000000000000000000000000 ; --            ; --          ; auto_signaltap_0     ;
; SLD_NODE_PARAMETER_ASSIGNMENT        ; SLD_INVERSION_MASK_LENGTH=605                                                                                                                                                                                                                                                                                                                                                                                                                                                                                                                                                                                                                    ; --            ; --          ; auto_signaltap_0     ;
; SLD_NODE_PARAMETER_ASSIGNMENT        ; SLD_NODE_CRC_LOWORD=51291                                                                                                                                                                                                                                                                                                                                                                                                                                                                                                                                                                                                                        ; --            ; --          ; auto_signaltap_0     ;
; SLD_NODE_PARAMETER_ASSIGNMENT        ; SLD_NODE_CRC_HIWORD=165                                                                                                                                                                                                                                                                                                                                                                                                                                                                                                                                                                                                                          ; --            ; --          ; auto_signaltap_0     ;
; TOP_LEVEL_ENTITY                     ; top                                                                                                                                                                                                                                                                                                                                                                                                                                                                                                                                                                                                                                              ; try_ddr       ; --          ; --                   ;
; USE_SIGNALTAP_FILE                   ; stp5.stp                                                                                                                                                                                                                                                                                                                                                                                                                                                                                                                                                                                                                                         ; --            ; --          ; --                   ;
+--------------------------------------+--------------------------------------------------------------------------------------------------------------------------------------------------------------------------------------------------------------------------------------------------------------------------------------------------------------------------------------------------------------------------------------------------------------------------------------------------------------------------------------------------------------------------------------------------------------------------------------------------------------------------------------------------+---------------+-------------+----------------------+


+-------------------------------------------------------------------------------------------------------------------------------+
; Flow Elapsed Time                                                                                                             ;
+---------------------------+--------------+-------------------------+---------------------+------------------------------------+
; Module Name               ; Elapsed Time ; Average Processors Used ; Peak Virtual Memory ; Total CPU Time (on all processors) ;
+---------------------------+--------------+-------------------------+---------------------+------------------------------------+
; Analysis & Synthesis      ; 00:01:04     ; 1.0                     ; 4879 MB             ; 00:01:04                           ;
; Partition Merge           ; 00:00:05     ; 1.0                     ; 4677 MB             ; 00:00:05                           ;
; Fitter                    ; 00:01:34     ; 1.7                     ; 5492 MB             ; 00:02:09                           ;
; Assembler                 ; 00:00:03     ; 1.0                     ; 4624 MB             ; 00:00:03                           ;
; TimeQuest Timing Analyzer ; 00:01:46     ; 1.0                     ; 4916 MB             ; 00:01:48                           ;
; EDA Netlist Writer        ; 00:00:17     ; 1.0                     ; 4680 MB             ; 00:00:17                           ;
; Total                     ; 00:04:49     ; --                      ; --                  ; 00:05:26                           ;
+---------------------------+--------------+-------------------------+---------------------+------------------------------------+


+----------------------------------------------------------------------------------------+
; Flow OS Summary                                                                        ;
+---------------------------+------------------+-----------+------------+----------------+
; Module Name               ; Machine Hostname ; OS Name   ; OS Version ; Processor type ;
+---------------------------+------------------+-----------+------------+----------------+
; Analysis & Synthesis      ; DESKTOP-S858DKJ  ; Windows 7 ; 6.2        ; x86_64         ;
; Partition Merge           ; DESKTOP-S858DKJ  ; Windows 7 ; 6.2        ; x86_64         ;
; Fitter                    ; DESKTOP-S858DKJ  ; Windows 7 ; 6.2        ; x86_64         ;
; Assembler                 ; DESKTOP-S858DKJ  ; Windows 7 ; 6.2        ; x86_64         ;
; TimeQuest Timing Analyzer ; DESKTOP-S858DKJ  ; Windows 7 ; 6.2        ; x86_64         ;
; EDA Netlist Writer        ; DESKTOP-S858DKJ  ; Windows 7 ; 6.2        ; x86_64         ;
+---------------------------+------------------+-----------+------------+----------------+


------------
; Flow Log ;
------------
quartus_map --read_settings_files=on --write_settings_files=off try_ddr -c try_ddr
quartus_cdb --read_settings_files=off --write_settings_files=off try_ddr -c try_ddr --merge=on
quartus_fit --read_settings_files=off --write_settings_files=off try_ddr -c try_ddr
quartus_asm --read_settings_files=off --write_settings_files=off try_ddr -c try_ddr
quartus_sta try_ddr -c try_ddr
quartus_eda --read_settings_files=off --write_settings_files=off try_ddr -c try_ddr



